<!doctype html>
<html>
<head>
<title>wiki2html: no title</title>
</head>
<body>
</body>
</html>

