<!doctype html>
<html>
<head>
<title>wiki2html: no title</title>
</head>
<body>

<ul>
<li>item</li>
</ul>
</body>
</html>

