<!doctype html>
<html>
<head>
<title>wiki2html: no title</title>
</head>
<body>
before
<h1>header</h1>
after
<h2>test == asdf asdf asdf asdf</h2>

asdf === test3 ===

<b>test asdf
multiline
</b>
</body>
</html>

