<!doctype html>
<html>
<head>
<title>header</title>
</head>
<body>
<h1 id='header_0'>header</h1>
<h2 id='header_1'>header 2</h2>
</body>
</html>

