<h2>first line</h2>
before
<h1>header</h1>
this is a header.

<h2>header with trailing whitespaces</h2>

<h2>header with trailing equal signs ==</h2>
