<!doctype html>
<html>
<head>
<title>header</title>
</head>
<body>
<ul>
<li>list</li>
<li>list</li>
</ul>
<h1 id='header_0'>header</h1>
</body>
</html>

