Before everything...
<b>test</b> 123 
<b>bold2</b> <i>italic</i>
<h2> head = er 2 </h2>
<i>italic<b>bold</b></i>
<b>bold<i>italic</i>bold</b>
...this is the end!%
<h1> this is a header (level 1) </h1>
lala.

a ==
END

<ul>
<li> list item 1</li>
<li> <b>bold list item 2</b> something <i>italic</i></li>
<li> list item</li>
</ul>

x=. 
EOF
